// Jest Snapshot v1, https://goo.gl/fbAQLP

exports[`can sort summary by num of errors 1`] = `
" âœ¨  Summary of failing ESLint rules 
errors 0 warnings 1 rule: rule1
errors 1 warnings 0 rule: rule3
errors 2 warnings 0 rule: rule2
ðŸ”¥  4 problems in total (3 errors, 1 warnings)"
`;

exports[`can sort summary by num of errors 2`] = `
" âœ¨  Summary of failing ESLint rules 
errors 2 warnings 0 rule: rule2
errors 1 warnings 0 rule: rule3
errors 0 warnings 1 rule: rule1
ðŸ”¥  4 problems in total (3 errors, 1 warnings)"
`;

exports[`can sort summary by num of warnings 1`] = `
" âœ¨  Summary of failing ESLint rules 
errors 1 warnings 0 rule: rule3
errors 0 warnings 1 rule: rule1
errors 0 warnings 2 rule: rule2
ðŸ”¥  4 problems in total (1 errors, 3 warnings)"
`;

exports[`can sort summary by num of warnings 2`] = `
" âœ¨  Summary of failing ESLint rules 
errors 0 warnings 2 rule: rule2
errors 0 warnings 1 rule: rule1
errors 1 warnings 0 rule: rule3
ðŸ”¥  4 problems in total (1 errors, 3 warnings)"
`;

exports[`can sort summary by rule id 1`] = `
" âœ¨  Summary of failing ESLint rules 
errors 0 warnings 1 rule: rule1
errors 0 warnings 2 rule: rule2
errors 1 warnings 0 rule: rule3
ðŸ”¥  4 problems in total (1 errors, 3 warnings)"
`;

exports[`can sort summary by rule id 2`] = `
" âœ¨  Summary of failing ESLint rules 
errors 1 warnings 0 rule: rule3
errors 0 warnings 2 rule: rule2
errors 0 warnings 1 rule: rule1
ðŸ”¥  4 problems in total (1 errors, 3 warnings)"
`;

exports[`defaults to sorting summary by rule id / ascending 1`] = `
" âœ¨  Summary of failing ESLint rules 
errors 1 warnings 1 rule: A
errors 0 warnings 1 rule: B
errors 1 warnings 1 rule: C
ðŸ”¥  5 problems in total (2 errors, 3 warnings)"
`;

exports[`omits result for ignored files 1`] = `
" âœ¨  Summary of failing ESLint rules 
errors 0 warnings 1 rule: rule1
errors 1 warnings 0 rule: rule2
ðŸ”¥  2 problems in total (1 errors, 1 warnings)"
`;

exports[`omits result for ignored files 2`] = `
" âœ¨  Summary of failing ESLint rules 

ðŸ”¥  0 problems in total (0 errors, 0 warnings)"
`;

exports[`provides header, summary of rules and total 1`] = `
" âœ¨  Summary of failing ESLint rules 
errors 0 warnings 1 rule: rule1
errors 0 warnings 2 rule: rule2
errors 2 warnings 0 rule: rule3
errors 1 warnings 0 rule: rule4
errors 1 warnings 0 rule: rule5
ðŸ”¥  7 problems in total (4 errors, 3 warnings)"
`;
